// Jest Snapshot v1, https://goo.gl/fbAQLP

exports[`<Text /> snapshots should match snapshot 1`] = `
<Text
  style={
    Array [
      Object {
        "color": "#3e3e3e",
        "fontSize": 24,
      },
    ]
  }
>
  Hello Text
</Text>
`;
